2026-09-22 11:30:53.503: [INFO] CurrentProfilePath: c:\Users\hp\OneDrive\Desktop\Apps\Gym management\.desktop_cache\EBWebView\Default
2026-09-22 11:30:53.503: [INFO] Profiles total count: 1
2026-09-22 11:30:53.503: [INFO] Profile: name=Profile 1 path=c:\Users\hp\OneDrive\Desktop\Apps\Gym management\.desktop_cache\EBWebView\Default lastActive=null
2026-09-22 11:30:53.503: [INFO] LastUsedProfileDir: c:\Users\hp\OneDrive\Desktop\Apps\Gym management\.desktop_cache\EBWebView\Default
2026-09-22 11:30:53.503: [INFO] OnDoneLoading sync enabled: 0
2026-09-22 11:30:53.503: [INFO] BookmarkModelLoaded, ids_reassigned: 0
2026-09-22 11:30:53.503: [INFO] BookmarksLoadDropped droppedNodes=0
2026-09-22 11:30:53.503: [INFO] BookmarksSnapshot Startup total=0 bar=0 other=0 mobile=0 showBar=0 showBarNTP=1
2026-09-22 11:31:19.418: [INFO] BookmarksSnapshot Shutdown total=0 bar=0 other=0 mobile=0 showBar=0 showBarNTP=1
2026-09-22 11:32:08.757: [INFO] CurrentProfilePath: c:\Users\hp\OneDrive\Desktop\Apps\Gym management\.desktop_cache\EBWebView\Default
2026-09-22 11:32:08.757: [INFO] Profiles total count: 1
2026-09-22 11:32:08.758: [INFO] Profile: name=Profile 1 path=c:\Users\hp\OneDrive\Desktop\Apps\Gym management\.desktop_cache\EBWebView\Default lastActive=2026-09-22T11:30:53.708Z
2026-09-22 11:32:08.758: [INFO] LastUsedProfileDir: c:\Users\hp\OneDrive\Desktop\Apps\Gym management\.desktop_cache\EBWebView\Default
2026-09-22 11:32:08.758: [INFO] MostRecentlyActiveProfile: name=Profile 1 path=c:\Users\hp\OneDrive\Desktop\Apps\Gym management\.desktop_cache\EBWebView\Default lastActive=2026-09-22T11:30:53.708Z
2026-09-22 11:32:08.758: [INFO] OnDoneLoading sync enabled: 0
2026-09-22 11:32:08.758: [INFO] BookmarkModelLoaded, ids_reassigned: 0
2026-09-22 11:32:08.758: [INFO] BookmarksLoadDropped droppedNodes=0
2026-09-22 11:32:08.758: [INFO] BookmarksSnapshot Startup total=0 bar=0 other=0 mobile=0 showBar=0 showBarNTP=1
2026-09-22 11:38:37.890: [INFO] BookmarksSnapshot Shutdown total=0 bar=0 other=0 mobile=0 showBar=0 showBarNTP=1
2026-09-22 12:02:02.024: [INFO] CurrentProfilePath: c:\Users\hp\OneDrive\Desktop\Apps\Gym management\.desktop_cache\EBWebView\Default
2026-09-22 12:02:02.024: [INFO] Profiles total count: 1
2026-09-22 12:02:02.024: [INFO] Profile: name=Profile 1 path=c:\Users\hp\OneDrive\Desktop\Apps\Gym management\.desktop_cache\EBWebView\Default lastActive=2026-09-22T11:37:22.296Z
2026-09-22 12:02:02.024: [INFO] LastUsedProfileDir: c:\Users\hp\OneDrive\Desktop\Apps\Gym management\.desktop_cache\EBWebView\Default
2026-09-22 12:02:02.024: [INFO] MostRecentlyActiveProfile: name=Profile 1 path=c:\Users\hp\OneDrive\Desktop\Apps\Gym management\.desktop_cache\EBWebView\Default lastActive=2026-09-22T11:37:22.296Z
2026-09-22 12:02:02.024: [INFO] OnDoneLoading sync enabled: 0
2026-09-22 12:02:02.024: [INFO] BookmarkModelLoaded, ids_reassigned: 0
2026-09-22 12:02:02.024: [INFO] BookmarksLoadDropped droppedNodes=0
2026-09-22 12:02:02.024: [INFO] BookmarksSnapshot Startup total=0 bar=0 other=0 mobile=0 showBar=0 showBarNTP=1
2026-09-22 12:06:25.377: [INFO] BookmarksSnapshot Shutdown total=0 bar=0 other=0 mobile=0 showBar=0 showBarNTP=1
2026-09-22 12:06:42.004: [INFO] CurrentProfilePath: c:\Users\hp\OneDrive\Desktop\Apps\Gym management\.desktop_cache\EBWebView\Default
2026-09-22 12:06:42.004: [INFO] Profiles total count: 1
2026-09-22 12:06:42.004: [INFO] Profile: name=Profile 1 path=c:\Users\hp\OneDrive\Desktop\Apps\Gym management\.desktop_cache\EBWebView\Default lastActive=2026-09-22T12:06:03.373Z
2026-09-22 12:06:42.004: [INFO] LastUsedProfileDir: c:\Users\hp\OneDrive\Desktop\Apps\Gym management\.desktop_cache\EBWebView\Default
2026-09-22 12:06:42.004: [INFO] MostRecentlyActiveProfile: name=Profile 1 path=c:\Users\hp\OneDrive\Desktop\Apps\Gym management\.desktop_cache\EBWebView\Default lastActive=2026-09-22T12:06:03.373Z
2026-09-22 12:06:42.004: [INFO] OnDoneLoading sync enabled: 0
2026-09-22 12:06:42.004: [INFO] BookmarkModelLoaded, ids_reassigned: 0
2026-09-22 12:06:42.004: [INFO] BookmarksLoadDropped droppedNodes=0
2026-09-22 12:06:42.004: [INFO] BookmarksSnapshot Startup total=0 bar=0 other=0 mobile=0 showBar=0 showBarNTP=1
2026-09-22 12:06:51.725: [INFO] BookmarksSnapshot Shutdown total=0 bar=0 other=0 mobile=0 showBar=0 showBarNTP=1
2026-09-22 12:13:31.562: [INFO] CurrentProfilePath: c:\Users\hp\OneDrive\Desktop\Apps\Gym management\.desktop_cache\EBWebView\Default
2026-09-22 12:13:31.562: [INFO] Profiles total count: 1
2026-09-22 12:13:31.563: [INFO] Profile: name=Profile 1 path=c:\Users\hp\OneDrive\Desktop\Apps\Gym management\.desktop_cache\EBWebView\Default lastActive=2026-09-22T12:06:42.314Z
2026-09-22 12:13:31.563: [INFO] LastUsedProfileDir: c:\Users\hp\OneDrive\Desktop\Apps\Gym management\.desktop_cache\EBWebView\Default
2026-09-22 12:13:31.563: [INFO] MostRecentlyActiveProfile: name=Profile 1 path=c:\Users\hp\OneDrive\Desktop\Apps\Gym management\.desktop_cache\EBWebView\Default lastActive=2026-09-22T12:06:42.314Z
2026-09-22 12:13:31.563: [INFO] OnDoneLoading sync enabled: 0
2026-09-22 12:13:31.563: [INFO] BookmarkModelLoaded, ids_reassigned: 0
2026-09-22 12:13:31.563: [INFO] BookmarksLoadDropped droppedNodes=0
2026-09-22 12:13:31.563: [INFO] BookmarksSnapshot Startup total=0 bar=0 other=0 mobile=0 showBar=0 showBarNTP=1
2026-09-22 12:29:57.368: [INFO] BookmarksSnapshot Shutdown total=0 bar=0 other=0 mobile=0 showBar=0 showBarNTP=1
2026-09-22 12:39:26.852: [INFO] CurrentProfilePath: c:\Users\hp\OneDrive\Desktop\Apps\Gym management\.desktop_cache\EBWebView\Default
2026-09-22 12:39:26.852: [INFO] Profiles total count: 1
2026-09-22 12:39:26.853: [INFO] Profile: name=Profile 1 path=c:\Users\hp\OneDrive\Desktop\Apps\Gym management\.desktop_cache\EBWebView\Default lastActive=2026-09-22T12:29:40.386Z
2026-09-22 12:39:26.853: [INFO] LastUsedProfileDir: c:\Users\hp\OneDrive\Desktop\Apps\Gym management\.desktop_cache\EBWebView\Default
2026-09-22 12:39:26.853: [INFO] MostRecentlyActiveProfile: name=Profile 1 path=c:\Users\hp\OneDrive\Desktop\Apps\Gym management\.desktop_cache\EBWebView\Default lastActive=2026-09-22T12:29:40.386Z
2026-09-22 12:39:26.853: [INFO] OnDoneLoading sync enabled: 0
2026-09-22 12:39:26.853: [INFO] BookmarkModelLoaded, ids_reassigned: 0
2026-09-22 12:39:26.853: [INFO] BookmarksLoadDropped droppedNodes=0
2026-09-22 12:39:26.853: [INFO] BookmarksSnapshot Startup total=0 bar=0 other=0 mobile=0 showBar=0 showBarNTP=1
2026-09-22 12:47:41.558: [INFO] BookmarksSnapshot Shutdown total=0 bar=0 other=0 mobile=0 showBar=0 showBarNTP=1
